// Jest Snapshot v1, https://goo.gl/fbAQLP

exports[`tests in GiffyMe component should render GiffyMe component 1`] = `
<div>
  <main
    class="w-full flex justify-center items-center flex-col"
  >
    <h1
      class="text-8xl font-sans font-bold text-white py-8 text-center"
    >
       Giffy Me 
    </h1>
    <form
      aria-label="form"
      class="flex flex-col items-center justify-center w-full py-3 px-8"
    >
      <div
        class="flex flex-col gap-8"
      >
        <label
          class="text-amber-400 font-semibold text-3xl"
        >
           What are you thinking? 
        </label>
        <div
          class="flex flex-col gap-5 md:flex-row"
        >
          <input
            class="bg-gray-800 text-white font-semibold text-3xl py-2 px-4 rounded-lg w-full focus:outline-none md:w-2/3"
            name="category"
            placeholder="Add a new category"
            type="text"
            value=""
          />
          <button
            class="bg-gray-800 text-white font-semibold text-3xl py-2 px-4 rounded-lg w-full md:w-1/3"
            type="submit"
          >
             Search 
          </button>
        </div>
      </div>
    </form>
    <ol
      class="w-full"
    />
  </main>
</div>
`;
