// Jest Snapshot v1, https://goo.gl/fbAQLP

exports[`tests in GifGrid component should render GifGrid component 1`] = `
<div>
  <div
    class="w-full flex flex-col justify-center items-center px-5"
  >
    <h3
      class="text-center text-4xl font-bold text-amber-400 py-4 md:py-20"
    >
       
      Naruto
       
    </h3>
    <p>
       Loading... 
    </p>
  </div>
</div>
`;
